src/components/QRScanner.tsx(5,20): error TS6133: 'setQrCode' is declared but its value is never read.
